<?xml version="1.0" encoding="UTF-8"?>
<map:businessObjectMap xmlns:ServiceMessageObject="smo://smo/name%3Dwsdl-primary/transientContext%3D%257Bhttp%253A%252F%252Foppgave-poc%257DMinIDSetWithPIN/message%3D%257Bhttp%253A%252F%252Foppgave-poc%252FValiderPIN%257DvaliderPINRequestMsg/xpath%3D%252F/namespace%3DBOMap/smo.xsd" xmlns:ServiceMessageObject_1="smo://smo/name%3Dwsdl-primary/transientContext%3D%257Bhttp%253A%252F%252Foppgave-poc%257DMinIDSetWithPIN/message%3D%257Bhttp%253A%252F%252Fnav-lib-frg%252Fno%252Fnav%252Flib%252Ffrg%252Finf%252FPerson%257DfinnPersonResponseMsg/xpath%3D%252F/namespace%3DBOMap/smo.xsd" xmlns:ValiderPIN="http://oppgave-poc" xmlns:map="http://www.ibm.com/xmlns/prod/websphere/wbiserver/map/6.0.0" targetNamespace="http://oppgave-poc">
  <map:name>ValiderPIN</map:name>
  <map:import>no.stelvio.common.bus.util.FnrUtil</map:import>
  <map:inputBusinessObjectVariable businessObjectRef="ServiceMessageObject_1:ServiceMessageObject" name="ServiceMessageObject"/>
  <map:outputBusinessObjectVariable businessObjectRef="ServiceMessageObject:ServiceMessageObject" name="ServiceMessageObject_1"/>
  <map:propertyMap executionOrder="1">
    <map:move>
      <map:input businessObjectVariableRef="ServiceMessageObject" property="context/transient"/>
      <map:output businessObjectVariableRef="ServiceMessageObject_1" property="body/validerPIN/minIDSetWithPIN"/>
    </map:move>
  </map:propertyMap>
  <map:propertyMap executionOrder="2">
    <map:move>
      <map:input businessObjectVariableRef="ServiceMessageObject" property="body/finnPersonResponse/finnPersonResponse/personListe/personer"/>
      <map:output businessObjectVariableRef="ServiceMessageObject_1" property="body/validerPIN/norskPIN"/>
    </map:move>
  </map:propertyMap>
  <map:propertyMap executionOrder="3">
    <map:custom>
      <map:input businessObjectVariableRef="ServiceMessageObject" property="body/finnPersonResponse/finnPersonResponse/personListe/personer[1]/fodselsnummer"/>
      <map:output businessObjectVariableRef="ServiceMessageObject_1" property="body/validerPIN/fodselsdato"/>
      <map:javaCode>// The specific type of variable ServiceMessageObject_body_finnPersonResponse_finnPersonResponse_personListe_personer1_fodselsnummer is java.lang.String&#xD;
// The specific type of variable ServiceMessageObject_1_body_validerPIN_fodselsdato is java.util.Date&#xD;
ServiceMessageObject_1_body_validerPIN_fodselsdato = FnrUtil.getBirthdateForFnr((String) ServiceMessageObject_body_finnPersonResponse_finnPersonResponse_personListe_personer1_fodselsnummer);</map:javaCode>
    </map:custom>
  </map:propertyMap>
</map:businessObjectMap>