<?xml version="1.0" encoding="UTF-8"?><mappingRoot domainID="com.ibm.msl.mapping.xml" targetNamespace="http://nav-tjeneste-person/no/nav/xslt/EndreAdresseRequestBrukerMap" version="7.0.300" xmlns="http://www.ibm.com/2008/ccl/Mapping" xmlns:map="http://nav-tjeneste-person/no/nav/xslt/EndreAdresseRequestBrukerMap">
    <input path="smo://smo/name%3Dwsdl-primary/transientContext%3D%257Bhttp%253A%252F%252Fnav-tjeneste-person%252Fno%252Fnav%252Fbo%257DlocalVariables/message%3D%257Bhttp%253A%252F%252Fnav.no%252Fvirksomhet%252Ftjenester%252Ffamilieforhold%252Fv1%257DhentFamilierelasjonerResponse/xpath%3D%252F/smo.xsd"/>
    <output path="smo://smo/name%3Dwsdl-primary/transientContext%3D%257Bhttp%253A%252F%252Fnav-tjeneste-person%252Fno%252Fnav%252Fbo%257DlocalVariables/message%3D%257Bhttp%253A%252F%252Fnav-lib-frg-sfe%252Fno%252Fnav%252Flib%252Ffrg%252Finf%257DendreAdresseRequestMsg/xpath%3D%252F/smo.xsd"/>
    <imports>
        <import kind="java" location="no.nav.java.SetStelvioContext" namespace="xalan://no.nav.java.SetStelvioContext"/>
    </imports>
    <namespaces>
        <namespace kind="extension" prefix="date" uri="http://exslt.org/dates-and-times"/>
        <namespace kind="extension" prefix="SetStelvioContext" uri="xalan://no.nav.java.SetStelvioContext"/>
    </namespaces>
    <mappingDeclaration name="EndreAdresseRequestBrukerMap">
        <input path="smo"/>
        <output path="smo"/>
        <move>
            <input path="context/transient/brukerFnr"/>
            <output path="body/endreAdresse/sfeEndreAdresseReq/sfeAjourforing/endreAdresseLinjer/offentligIdent"/>
        </move>
        <assign value="TIAD">
            <output path="body/endreAdresse/sfeEndreAdresseReq/sfeAjourforing/endreAdresseLinjer/typeAdresse"/>
        </assign>
        <function ref="date:date-time">
            <output path="body/endreAdresse/sfeEndreAdresseReq/sfeAjourforing/endreAdresseLinjer/datoAdresse"/>
        </function>
        <move>
            <input path="context/transient/brukerAdresse/adresseLinje1"/>
            <output path="body/endreAdresse/sfeEndreAdresseReq/sfeAjourforing/endreAdresseLinjer/adresse2"/>
        </move>
        <move>
            <input path="context/transient/brukerAdresse/adresseLinje2"/>
            <output path="body/endreAdresse/sfeEndreAdresseReq/sfeAjourforing/endreAdresseLinjer/adresse3"/>
        </move>
        <move>
            <input path="context/transient/brukerAdresse/postnr"/>
            <output path="body/endreAdresse/sfeEndreAdresseReq/sfeAjourforing/endreAdresseLinjer/postnr"/>
        </move>
        <move>
            <input path="context/transient/brukerAdresse/landKode" var="landKode"/>
            <output path="body/endreAdresse/sfeEndreAdresseReq/sfeAjourforing/endreAdresseLinjer/kodeLand"/>
            <test lang="XPath">$landKode</test>
        </move>
        <assign value="v/Dødsbo">
            <output path="body/endreAdresse/sfeEndreAdresseReq/sfeAjourforing/endreAdresseLinjer/adresse1"/>
        </assign>
        <move>
            <input path="context/transient/brukerAdresse"/>
            <output path="context/transient/brukerAdresse"/>
        </move>
        <move>
            <input path="context/transient/epsAdresse"/>
            <output path="context/transient/epsAdresse"/>
        </move>
        <move>
            <input path="context/transient/epsFnrListe[1]"/>
            <output path="context/transient/epsFnrListe[1]"/>
        </move>
        <move>
            <input path="context/transient/brukerFnr"/>
            <output path="context/transient/brukerFnr"/>
        </move>
        <customFunction lang="java" ref="SetStelvioContext:setKilde">
            <output path="body/endreAdresse/sfeEndreAdresseReq/sfeAjourforing/systemInfo/kilde"/>
        </customFunction>
        <customFunction lang="java" ref="SetStelvioContext:setBrukerID">
            <output path="body/endreAdresse/sfeEndreAdresseReq/sfeAjourforing/systemInfo/brukerID"/>
        </customFunction>
    </mappingDeclaration>
</mappingRoot>