<?xml version="1.0" encoding="UTF-8"?><mappingRoot domainID="com.ibm.msl.mapping.xml" targetNamespace="http://nav-tjeneste-person/no/nav/xslt/hentTPSAdresseForEPS" version="7.0.300" xmlns="http://www.ibm.com/2008/ccl/Mapping" xmlns:map="http://nav-tjeneste-person/no/nav/xslt/hentTPSAdresseForEPS">
    <input path="smo://smo/name%3Dwsdl-primary/transientContext%3D%257Bhttp%253A%252F%252Fnav-tjeneste-person%252Fno%252Fnav%252Fbo%257DlocalVariables/message%3D%257Bhttp%253A%252F%252Fnav.no%252Fvirksomhet%252Ftjenester%252Ffamilieforhold%252Fv1%257DhentFamilierelasjonerResponse/xpath%3D%252F/smo.xsd"/>
    <output path="smo://smo/name%3Dwsdl-primary/transientContext%3D%257Bhttp%253A%252F%252Fnav-tjeneste-person%252Fno%252Fnav%252Fbo%257DlocalVariables/message%3D%257Bhttp%253A%252F%252Fnav-lib-frg-tps%252Fno%252Fnav%252Flib%252Ffrg%252Finf%257DhentTPSDataRequestMsg/xpath%3D%252F/smo.xsd"/>
    <mappingDeclaration name="hentTPSAdresseForEPS">
        <input path="smo"/>
        <output path="smo"/>
        <move>
            <input path="context/transient/epsFnrListe[1]/epsFnr"/>
            <output path="body/hentTPSData/tpsPersonDataReq/tpsServiceRutine/nFnr/fnr[1]"/>
        </move>
        <assign value="2">
            <output path="body/hentTPSData/tpsPersonDataReq/tpsServiceRutine/M303/adressePrior"/>
        </assign>
        <assign value="A">
            <output path="body/hentTPSData/tpsPersonDataReq/tpsServiceRutine/aksjonsKode"/>
        </assign>
        <assign value="0">
            <output path="body/hentTPSData/tpsPersonDataReq/tpsServiceRutine/aksjonsKode2"/>
        </assign>
        <assign value="1">
            <output path="body/hentTPSData/tpsPersonDataReq/tpsServiceRutine/antallFnr"/>
        </assign>
        <assign value="FS03-FDNUMMER-ADRESSER-M">
            <output path="body/hentTPSData/tpsPersonDataReq/tpsServiceRutine/serviceRutinenavn"/>
        </assign>
        <move>
            <input path="context/transient/brukerAdresse"/>
            <output path="context/transient/brukerAdresse"/>
        </move>
        <move>
            <input path="context/transient/epsFnrListe"/>
            <output path="context/transient/epsFnrListe"/>
        </move>
        <move>
            <input path="context/transient/brukerFnr"/>
            <output path="context/transient/brukerFnr"/>
        </move>
    </mappingDeclaration>
</mappingRoot>