<?xml version="1.0" encoding="UTF-8"?><mappingRoot domainID="com.ibm.msl.mapping.xml" targetNamespace="http://nav-tjeneste-person/no/nav/xslt/hentTPSAdresseMap" version="7.0.300" xmlns="http://www.ibm.com/2008/ccl/Mapping" xmlns:map="http://nav-tjeneste-person/no/nav/xslt/hentTPSAdresseMap">
    <input path="smo://smo/name%3Dwsdl-primary/message%3D%257Bhttp%253A%252F%252Fnav.no%252Fvirksomhet%252Ftjenester%252Fperson%252Fv1%257DregistrereAdresseForDodsboRequest/xpath%3D%252Fbody/smo.xsd"/>
    <output path="smo://smo/name%3Dwsdl-primary/message%3D%257Bhttp%253A%252F%252Fnav-lib-frg-tps%252Fno%252Fnav%252Flib%252Ffrg%252Finf%257DhentTPSDataRequestMsg/xpath%3D%252Fbody/smo.xsd"/>
    <mappingDeclaration name="hentTPSAdresseMap">
        <input path="body"/>
        <output path="body"/>
        <local>
            <input path="registrereAdresseForDodsbo"/>
            <output path="hentTPSData"/>
            <local>
                <input path="request"/>
                <output path="tpsPersonDataReq"/>
                <move>
                    <input path="fnr"/>
                    <output path="tpsServiceRutine/nFnr/fnr"/>
                </move>
                <assign value="FS03-FDNUMMER-ADRESSER-M">
                    <output path="tpsServiceRutine/serviceRutinenavn"/>
                </assign>
                <assign value="A">
                    <output path="tpsServiceRutine/aksjonsKode"/>
                </assign>
                <assign value="0">
                    <output path="tpsServiceRutine/aksjonsKode2"/>
                </assign>
                <assign value="2">
                    <output path="tpsServiceRutine/M303/adressePrior"/>
                </assign>
                <assign value="1">
                    <output path="tpsServiceRutine/antallFnr"/>
                </assign>
            </local>
        </local>
    </mappingDeclaration>
</mappingRoot>