<?xml version="1.0" encoding="UTF-8"?><mappingRoot domainID="com.ibm.msl.mapping.xml" targetNamespace="http://nav-tjeneste-person/no/nav/xslt/HentEPSFnrListe" version="7.0.300" xmlns="http://www.ibm.com/2008/ccl/Mapping" xmlns:map="http://nav-tjeneste-person/no/nav/xslt/HentEPSFnrListe">
    <input path="smo://smo/name%3Dwsdl-primary/transientContext%3D%257Bhttp%253A%252F%252Fnav-tjeneste-person%252Fno%252Fnav%252Fbo%257DlocalVariables/message%3D%257Bhttp%253A%252F%252Fnav.no%252Fvirksomhet%252Ftjenester%252Ffamilieforhold%252Fv1%257DhentFamilierelasjonerResponse/xpath%3D%252F/smo.xsd"/>
    <output path="smo://smo/name%3Dwsdl-primary/transientContext%3D%257Bhttp%253A%252F%252Fnav-tjeneste-person%252Fno%252Fnav%252Fbo%257DlocalVariables/message%3D%257Bhttp%253A%252F%252Fnav.no%252Fvirksomhet%252Ftjenester%252Ffamilieforhold%252Fv1%257DhentFamilierelasjonerResponse/xpath%3D%252F/smo.xsd"/>
    <imports>
        <import kind="xml" location="HentEPSFnrListe.xml"/>
    </imports>
    <mappingDeclaration name="HentEPSFnrListe">
        <input path="smo"/>
        <output path="smo"/>
        <foreach>
            <input path="body/hentFamilierelasjonerResponse/response/person/relasjoner" var="relasjoner1"/>
            <output path="context/transient/epsFnrListe"/>
            <filter lang="XPath">$relasjoner1[contains('EKTE,REPA,SAMB',relasjonsType)]</filter>
            <move>
                <input path="$relasjoner1/person/fnr" var="fnr1"/>
                <output path="epsFnr"/>
            </move>
        </foreach>
        <move>
            <input path="context/transient/brukerAdresse" var="brukerAdresse"/>
            <output path="context/transient/brukerAdresse"/>
        </move>
        <move>
            <input path="context/transient/brukerFnr" var="brukerFnr"/>
            <output path="context/transient/brukerFnr"/>
        </move>
    </mappingDeclaration>
</mappingRoot>