<?xml version="1.0" encoding="UTF-8"?><mappingRoot domainID="com.ibm.msl.mapping.xml" targetNamespace="http://nav-tjeneste-person/no/nav/xslt/KunneIkkeRegistrereAdresseForDodsbo" version="7.0.300" xmlns="http://www.ibm.com/2008/ccl/Mapping" xmlns:map="http://nav-tjeneste-person/no/nav/xslt/KunneIkkeRegistrereAdresseForDodsbo">
    <input path="smo://smo/name%3Dwsdl-primary/message%3D%257Bhttp%253A%252F%252Fnav-lib-frg-tps%252Fno%252Fnav%252Flib%252Ffrg%252Finf%257DhentTPSDataResponseMsg/xpath%3D%252Fbody/smo.xsd"/>
    <output path="smo://smo/name%3Dwsdl-primary/message%3D%257Bhttp%253A%252F%252Fnav.no%252Fvirksomhet%252Ftjenester%252Fperson%252Fv1%257DregistrereAdresseForDodsbo_kunneIkkeRegistrereAdresseForDodsbo/xpath%3D%252Fbody/smo.xsd"/>
    <mappingDeclaration name="KunneIkkeRegistrereAdresseForDodsbo">
        <input path="body"/>
        <output path="body"/>
        <local>
            <input path="hentTPSDataResponse"/>
            <output path="registrereAdresseForDodsbokunneIkkeRegistrereAdresseForDodsbo"/>
            <move>
                <input path="tpsPersonDataRes/tpsSvar/svarStatus/returMelding" var="returMelding1"/>
                <output path="rootCause"/>
            </move>
            <move>
                <input path="tpsPersonDataRes/tpsSvar/svarStatus/utfyllendeMelding"/>
                <output path="errorMessage"/>
            </move>
            <move>
                <input path="tpsPersonDataRes/tpsSvar/svarStatus/returStatus"/>
                <output path="errorType"/>
            </move>
            <assign value="nav-tjeneste-person _ RegistrereAdresseForDødsbo _ KunneIkkeRegistrereAdresseForDødsbo!">
                <output path="errorSource"/>
            </assign>
        </local>
    </mappingDeclaration>
</mappingRoot>