<?xml version="1.0" encoding="UTF-8"?><mappingRoot domainID="com.ibm.msl.mapping.xml" targetNamespace="http://nav-tjeneste-person/no/nav/xslt/KunneIkkeEndreAdresse" version="7.0.300" xmlns="http://www.ibm.com/2008/ccl/Mapping" xmlns:map="http://nav-tjeneste-person/no/nav/xslt/KunneIkkeEndreAdresse">
    <input path="smo://smo/name%3Dwsdl-primary/transientContext%3D%257Bhttp%253A%252F%252Fnav-tjeneste-person%252Fno%252Fnav%252Fbo%257DlocalVariables/message%3D%257Bhttp%253A%252F%252Fnav-lib-frg-sfe%252Fno%252Fnav%252Flib%252Ffrg%252Finf%257DendreAdresse_faultSFEPersonIkkeFunnetMsg/xpath%3D%252Fbody/smo.xsd"/>
    <output path="smo://smo/name%3Dwsdl-primary/transientContext%3D%257Bhttp%253A%252F%252Fnav-tjeneste-person%252Fno%252Fnav%252Fbo%257DlocalVariables/message%3D%257Bhttp%253A%252F%252Fnav.no%252Fvirksomhet%252Ftjenester%252Fperson%252Fv1%257DregistrereAdresseForDodsbo_kunneIkkeRegistrereAdresseForDodsbo/xpath%3D%252Fbody/smo.xsd"/>
    <mappingDeclaration name="KunneIkkeEndreAdresse">
        <input path="body"/>
        <output path="body"/>
        <move>
            <input path="endreAdresse_faultSFEPersonIkkeFunnet/errorMessage"/>
            <output path="registrereAdresseForDodsbokunneIkkeRegistrereAdresseForDodsbo/errorMessage"/>
        </move>
        <move>
            <input path="endreAdresse_faultSFEPersonIkkeFunnet/errorSource"/>
            <output path="registrereAdresseForDodsbokunneIkkeRegistrereAdresseForDodsbo/errorSource"/>
        </move>
        <move>
            <input path="endreAdresse_faultSFEPersonIkkeFunnet/errorType"/>
            <output path="registrereAdresseForDodsbokunneIkkeRegistrereAdresseForDodsbo/errorType"/>
        </move>
        <move>
            <input path="endreAdresse_faultSFEPersonIkkeFunnet/rootCause"/>
            <output path="registrereAdresseForDodsbokunneIkkeRegistrereAdresseForDodsbo/rootCause"/>
        </move>
        <move>
            <input path="endreAdresse_faultSFEPersonIkkeFunnet/dateTimeStamp"/>
            <output path="registrereAdresseForDodsbokunneIkkeRegistrereAdresseForDodsbo/dateTimeStamp"/>
        </move>
    </mappingDeclaration>
</mappingRoot>