<?xml version="1.0" encoding="UTF-8"?><mappingRoot domainID="com.ibm.msl.mapping.xml" targetNamespace="http://nav-tjeneste-person/no/nav/xslt/XSLTransformation1_req_1" version="7.0.300" xmlns="http://www.ibm.com/2008/ccl/Mapping" xmlns:map="http://nav-tjeneste-person/no/nav/xslt/XSLTransformation1_req_1">
    <input path="smo://smo/name%3Dwsdl-primary/sharedContext%3D%257Bhttp%253A%252F%252Fnav-tjeneste-person%252Fno%252Fnav%252Fasbo%257DTPSPersonSharedContext/xpath%3D%252F/smo.xsd"/>
    <output path="smo://smo/name%3Dwsdl-primary/sharedContext%3D%257Bhttp%253A%252F%252Fnav-tjeneste-person%252Fno%252Fnav%252Fasbo%257DTPSPersonSharedContext/message%3D%257Bhttp%253A%252F%252Fnav.no%252Fvirksomhet%252Ftjenester%252Fperson%252Fv1%257DhentPerson_PersonIkkeFunnet/xpath%3D%252F/smo.xsd"/>
    <mappingDeclaration name="MapFaultPersonIkkeFunnet">
        <input path="smo"/>
        <output path="smo"/>
        <local>
            <input path="context"/>
            <output path="body"/>
            <local>
                <input path="shared"/>
                <output path="hentPersonPersonIkkeFunnet"/>
                <move>
                    <input path="fault/errorMessage"/>
                    <output path="errorMessage"/>
                </move>
                <move>
                    <input path="fault/errorSource"/>
                    <output path="errorSource"/>
                </move>
                <move>
                    <input path="fault/errorType"/>
                    <output path="errorType"/>
                </move>
                <move>
                    <input path="fault/rootCause"/>
                    <output path="rootCause"/>
                </move>
                <move>
                    <input path="fault/dateTimeStamp"/>
                    <output path="dateTimeStamp"/>
                </move>
            </local>
        </local>
    </mappingDeclaration>
</mappingRoot>