<?xml version="1.0" encoding="UTF-8"?><mappingRoot domainID="com.ibm.msl.mapping.xml" targetNamespace="http://nav-tjeneste-person/no/nav/xslt/PersonHarUtenlandsadresse" version="7.0.300" xmlns="http://www.ibm.com/2008/ccl/Mapping" xmlns:map="http://nav-tjeneste-person/no/nav/xslt/PersonHarUtenlandsadresse">
    <input path="smo://smo/name%3Dwsdl-primary/transientContext%3D%257Bhttp%253A%252F%252Fnav-tjeneste-person%252Fno%252Fnav%252Fbo%257DlocalVariables/message%3D%257Bhttp%253A%252F%252Fnav-lib-frg-tps%252Fno%252Fnav%252Flib%252Ffrg%252Finf%257DhentTPSDataResponseMsg/xpath%3D%252F/smo.xsd"/>
    <output path="smo://smo/name%3Dwsdl-primary/transientContext%3D%257Bhttp%253A%252F%252Fnav-tjeneste-person%252Fno%252Fnav%252Fbo%257DlocalVariables/message%3D%257Bhttp%253A%252F%252Fnav.no%252Fvirksomhet%252Ftjenester%252Fperson%252Fv1%257DregistrereAdresseForDodsbo_personHarUtlandsadresse/xpath%3D%252F/smo.xsd"/>
    <mappingDeclaration name="PersonHarUtenlandsadresse">
        <input path="smo"/>
        <output path="smo"/>
        <move>
            <input path="context/transient/brukerFnr" var="brukerFnr"/>
            <output path="body/registrereAdresseForDodsbopersonHarUtlandsadresse/rootCause"/>
        </move>
        <assign value="Kan ikke endre adresse til dødsbo, da personen har utlandsadresse.">
            <output path="body/registrereAdresseForDodsbopersonHarUtlandsadresse/errorMessage"/>
        </assign>
        <assign value="nav-tjeneste-person_registrereAdresseForDodsbo">
            <output path="body/registrereAdresseForDodsbopersonHarUtlandsadresse/errorSource"/>
        </assign>
    </mappingDeclaration>
</mappingRoot>