<?xml version="1.0" encoding="UTF-8"?>
<map:businessObjectMap xmlns:GBOOpprettVedtakSamordningRequest="http://nav-lib-sto/no/nav/lib/sto/gbo" xmlns:GBOOpprettVedtakSamordningRequestTOGBOOpprettVedtakSamordningRequest="http://nav-bproc-pen-ppen015/no/nav/map" xmlns:map="http://www.ibm.com/xmlns/prod/websphere/wbiserver/map/6.0.0" targetNamespace="http://nav-bproc-pen-ppen015/no/nav/map">
  <map:name>GBOOpprettVedtakSamordningRequestTOGBOOpprettVedtakSamordningRequest</map:name>
  <map:inputBusinessObjectVariable businessObjectRef="GBOOpprettVedtakSamordningRequest:GBOOpprettVedtakSamordningRequest" name="GBOOpprettVedtakSamordningRequest"/>
  <map:outputBusinessObjectVariable businessObjectRef="GBOOpprettVedtakSamordningRequest:GBOOpprettVedtakSamordningRequest" name="GBOOpprettVedtakSamordningRequest_1"/>
  <map:propertyMap executionOrder="1">
    <map:move>
      <map:input businessObjectVariableRef="GBOOpprettVedtakSamordningRequest" property="fnr"/>
      <map:output businessObjectVariableRef="GBOOpprettVedtakSamordningRequest_1" property="fnr"/>
    </map:move>
  </map:propertyMap>
  <map:propertyMap executionOrder="2">
    <map:move>
      <map:input businessObjectVariableRef="GBOOpprettVedtakSamordningRequest" property="vedtakId"/>
      <map:output businessObjectVariableRef="GBOOpprettVedtakSamordningRequest_1" property="vedtakId"/>
    </map:move>
  </map:propertyMap>
  <map:propertyMap executionOrder="3">
    <map:custom>
      <map:input businessObjectVariableRef="GBOOpprettVedtakSamordningRequest" property="iverksattFom"/>
      <map:output businessObjectVariableRef="GBOOpprettVedtakSamordningRequest_1" property="iverksattFom"/>
      <map:javaCode>// The specific type of variable GBOOpprettVedtakSamordningRequest_iverksattFom is java.lang.String&#xD;
// The specific type of variable GBOOpprettVedtakSamordningRequest_1_iverksattFom is java.lang.String&#xD;
&#xD;
if(GBOOpprettVedtakSamordningRequest_iverksattFom != null &amp;&amp; !&quot;&quot;.equals(GBOOpprettVedtakSamordningRequest_iverksattFom)){
	GBOOpprettVedtakSamordningRequest_1_iverksattFom = GBOOpprettVedtakSamordningRequest_iverksattFom;&#xD;
&#xD;
}&#xD;
else{
	GBOOpprettVedtakSamordningRequest_1_iverksattFom = null;&#xD;
}</map:javaCode>
    </map:custom>
  </map:propertyMap>
  <map:propertyMap executionOrder="4">
    <map:custom>
      <map:input businessObjectVariableRef="GBOOpprettVedtakSamordningRequest" property="iverksattTom"/>
      <map:output businessObjectVariableRef="GBOOpprettVedtakSamordningRequest_1" property="iverksattTom"/>
      <map:javaCode>// The specific type of variable GBOOpprettVedtakSamordningRequest_iverksattTom is java.lang.String&#xD;
// The specific type of variable GBOOpprettVedtakSamordningRequest_1_iverksattTom is java.lang.String&#xD;
&#xD;
if(GBOOpprettVedtakSamordningRequest_iverksattTom != null &amp;&amp; !&quot;&quot;.equals(GBOOpprettVedtakSamordningRequest_iverksattTom)){
	GBOOpprettVedtakSamordningRequest_1_iverksattTom = GBOOpprettVedtakSamordningRequest_iverksattTom;&#xD;
&#xD;
}&#xD;
else{
	GBOOpprettVedtakSamordningRequest_1_iverksattTom = null;&#xD;
}</map:javaCode>
    </map:custom>
  </map:propertyMap>
</map:businessObjectMap>