<?xml version="1.0" encoding="UTF-8"?><mappingRoot domainID="com.ibm.msl.mapping.xml" targetNamespace="http://www.stelvio.no/example/person/mediation/xslt/V2toV1output" version="7.0.101" xmlns="http://www.ibm.com/2008/ccl/Mapping" xmlns:map="http://www.stelvio.no/example/person/mediation/xslt/V2toV1output">
    <input path="smo://smo/name%3Dwsdl-primary/message%3D%257Bhttp%253A%252F%252Fwww.stelvio.no%252Fexample%252Fperson%252FV1%252FPersonService%257DgetPersonResponseMsg/xpath%3D%252Fbody/smo.xsd"/>
    <output path="smo://smo/name%3Dwsdl-primary/message%3D%257Bhttp%253A%252F%252Fwww.stelvio.no%252Fexample%252Fperson%252FV2%252FPersonService%257DgetPersonResponseMsg/xpath%3D%252Fbody/smo.xsd"/>
    <mappingDeclaration name="V2toV1output">
        <input path="body"/>
        <output path="body"/>
        <local>
            <input path="getPersonResponse"/>
            <output path="getPersonResponse"/>
            <local>
                <input path="getPersonResponse"/>
                <output path="getPersonResponse"/>
                <local>
                    <input path="person"/>
                    <output path="person"/>
                    <move>
                        <input path="id"/>
                        <output path="id"/>
                    </move>
                    <local>
                        <input path="name"/>
                        <output path="name"/>
                        <move>
                            <input path="firstName"/>
                            <output path="firstName"/>
                        </move>
                        <move>
                            <input path="middleName"/>
                            <output path="middleName"/>
                        </move>
                        <move>
                            <input path="lastName"/>
                            <output path="lastName"/>
                        </move>
                        <move>
                            <input path="any"/>
                            <output path="any"/>
                        </move>
                    </local>
                    <move>
                        <input path="any"/>
                        <output path="any"/>
                    </move>
                </local>
                <move>
                    <input path="any"/>
                    <output path="any"/>
                </move>
            </local>
        </local>
    </mappingDeclaration>
</mappingRoot>