<?xml version="1.0" encoding="UTF-8"?><mappingRoot domainID="com.ibm.msl.mapping.xml" targetNamespace="http://www.stelvio.no/example/person/mediation/xslt/input_map" version="7.0.101" xmlns="http://www.ibm.com/2008/ccl/Mapping" xmlns:map="http://www.stelvio.no/example/person/mediation/xslt/input_map">
    <input path="smo://smo/name%3Dwsdl-primary/message%3D%257Bhttp%253A%252F%252Fwww.stelvio.no%252Fexample%252Fperson%252FV1%252FPersonService%257DgetPersonRequestMsg/xpath%3D%252Fbody/smo.xsd"/>
    <output path="smo://smo/name%3Dwsdl-primary/message%3D%257Bhttp%253A%252F%252Fwww.stelvio.no%252Fexample%252Fperson%252Fprovider%252FV1%252FPersonService%257DgetPersonRequestMsg/xpath%3D%252Fbody/smo.xsd"/>
    <mappingDeclaration name="getPersonRequest">
        <input path="body"/>
        <output path="body"/>
        <local>
            <input path="getPerson"/>
            <output path="getPerson"/>
            <local>
                <input path="getPersonRequest"/>
                <output path="getPersonRequest"/>
                <move>
                    <input path="id"/>
                    <output path="id"/>
                </move>
            </local>
        </local>
    </mappingDeclaration>
</mappingRoot>