<?xml version="1.0" encoding="UTF-8"?><mappingRoot domainID="com.ibm.msl.mapping.xml" targetNamespace="http://oppgave-poc/xslt/PINtoNavnesøk" version="7.0.302" xmlns="http://www.ibm.com/2008/ccl/Mapping" xmlns:map="http://oppgave-poc/xslt/PINtoNavnesøk">
    <input path="smo://smo/name%3Dwsdl-primary/transientContext%3D%257Bhttp%253A%252F%252Foppgave-poc%257DMinIDSetWithPIN/message%3D%257Bhttp%253A%252F%252Foppgave-poc%252FSED%257DvaliderOgLagreUtenlandskIdRequestMsg/xpath%3D%252Fbody/smo.xsd"/>
    <output path="smo://smo/name%3Dwsdl-primary/transientContext%3D%257Bhttp%253A%252F%252Foppgave-poc%257DMinIDSetWithPIN/message%3D%257Bhttp%253A%252F%252Fnav-lib-frg%252Fno%252Fnav%252Flib%252Ffrg%252Finf%252FPerson%257DfinnPersonRequestMsg/xpath%3D%252Fbody/smo.xsd"/>
    <mappingDeclaration name="PINtoNavnesøk">
        <input path="body"/>
        <output path="body"/>
        <move>
            <input path="validerOgLagreUtenlandskId/minIDSetWithPin/familyName"/>
            <output path="finnPerson/finnPersonRequest/navnesok/etternavn"/>
        </move>
        <move>
            <input path="validerOgLagreUtenlandskId/minIDSetWithPin/forenames"/>
            <output path="finnPerson/finnPersonRequest/navnesok/fornavn"/>
        </move>
        <move>
            <input path="validerOgLagreUtenlandskId/minIDSetWithPin/birthDate"/>
            <output path="finnPerson/finnPersonRequest/navnesok/datoFodt"/>
        </move>
        <move>
            <input path="validerOgLagreUtenlandskId/minIDSetWithPin/gender"/>
            <output path="finnPerson/finnPersonRequest/navnesok/kjonn"/>
        </move>
    </mappingDeclaration>
</mappingRoot>