<?xml version="1.0" encoding="UTF-8"?><mappingRoot domainID="com.ibm.msl.mapping.xml" targetNamespace="http://oppgave-poc/xslt/SaveRequest" version="7.0.302" xmlns="http://www.ibm.com/2008/ccl/Mapping" xmlns:map="http://oppgave-poc/xslt/SaveRequest">
    <input path="smo://smo/name%3Dwsdl-primary/transientContext%3D%257Bhttp%253A%252F%252Foppgave-poc%257DMinIDSetWithPIN/message%3D%257Bhttp%253A%252F%252Foppgave-poc%252FPerson%257DavklarIdentitetRequestMsg/xpath%3D%252F/smo.xsd"/>
    <output path="smo://smo/name%3Dwsdl-primary/transientContext%3D%257Bhttp%253A%252F%252Foppgave-poc%257DMinIDSetWithPIN/message%3D%257Bhttp%253A%252F%252Foppgave-poc%252FPerson%257DavklarIdentitetRequestMsg/xpath%3D%252F/smo.xsd"/>
    <mappingDeclaration name="SaveRequest">
        <input path="smo"/>
        <output path="smo"/>
        <move>
            <input path="body/avklarIdentitet/minIDSetWithPin"/>
            <output path="context/transient"/>
        </move>
        <move>
            <input path="body"/>
            <output path="body"/>
        </move>
    </mappingDeclaration>
</mappingRoot>