<?xml version="1.0" encoding="UTF-8"?><mappingRoot domainID="com.ibm.msl.mapping.xml" targetNamespace="http://oppgave-poc/xslt/ValiderUtenlandskIdTONavnesok" version="7.0.302" xmlns="http://www.ibm.com/2008/ccl/Mapping" xmlns:map="http://oppgave-poc/xslt/ValiderUtenlandskIdTONavnesok">
    <input path="smo://smo/name%3Dwsdl-primary/message%3D%257Bhttp%253A%252F%252Foppgave-poc%252FSED%257DvaliderOgLagreUtenlandskIdRequestMsg/xpath%3D%252Fbody/smo.xsd"/>
    <output path="smo://smo/name%3Dwsdl-primary/message%3D%257Bhttp%253A%252F%252Fnav.no%252Fvirksomhet%252Ftjenester%252Fperson%252Fv1%257DfinnPersonRequestMsg/xpath%3D%252Fbody/smo.xsd"/>
    <mappingDeclaration name="ValiderUtenlandskIdTONavnesok">
        <input path="body"/>
        <output path="body"/>
        <move>
            <input path="validerOgLagreUtenlandskId/minIDSetWithPin/familyName"/>
            <output path="finnPerson/request/navnesok/etternavn"/>
        </move>
        <move>
            <input path="validerOgLagreUtenlandskId/minIDSetWithPin/forenames"/>
            <output path="finnPerson/request/navnesok/fornavn"/>
        </move>
        <move>
            <input path="validerOgLagreUtenlandskId/minIDSetWithPin/birthDate"/>
            <output path="finnPerson/request/navnesok/datoFodt"/>
        </move>
        <move>
            <input path="validerOgLagreUtenlandskId/minIDSetWithPin/gender"/>
            <output path="finnPerson/request/navnesok/kjonn"/>
        </move>
    </mappingDeclaration>
</mappingRoot>