<?xml version="1.0" encoding="UTF-8"?><mappingRoot domainID="com.ibm.msl.mapping.xml" targetNamespace="http://oppgave-poc/xslt/ValidertPIN" version="7.0.302" xmlns="http://www.ibm.com/2008/ccl/Mapping" xmlns:map="http://oppgave-poc/xslt/ValidertPIN">
    <input path="smo://smo/name%3Dwsdl-primary/transientContext%3D%257Bhttp%253A%252F%252Foppgave-poc%257DMinIDSetWithPIN/message%3D%257Bhttp%253A%252F%252Foppgave-poc%252FValiderPIN%257DvaliderPINResponseMsg/xpath%3D%252Fbody/smo.xsd"/>
    <output path="smo://smo/name%3Dwsdl-primary/transientContext%3D%257Bhttp%253A%252F%252Foppgave-poc%257DMinIDSetWithPIN/message%3D%257Bhttp%253A%252F%252Foppgave-poc%252FPerson%257DavklarIdentitetResponseMsg/xpath%3D%252Fbody/smo.xsd"/>
    <mappingDeclaration name="ValidertPIN">
        <input path="body"/>
        <output path="body"/>
        <move>
            <input path="validerPINResponse/pin"/>
            <output path="avklarIdentitetResponse/norskPIN"/>
        </move>
    </mappingDeclaration>
</mappingRoot>