<?xml version="1.0" encoding="UTF-8"?><mappingRoot domainID="com.ibm.msl.mapping.xml" targetNamespace="http://stelvio-example-contexthandler-mediationflow/xslt/output_map_res_1" version="7.0.302" xmlns="http://www.ibm.com/2008/ccl/Mapping" xmlns:map="http://stelvio-example-contexthandler-mediationflow/xslt/output_map_res_1">
    <input path="smo://smo/name%3Dwsdl-primary/message%3D%257Bhttp%253A%252F%252Fstelvio-example-contexthandler-provider-lib%252Fno%252Fnav%252Finf%252FContextHandlerVerifier%257DcallWSChainResponseMsg/xpath%3D%252Fbody/smo.xsd"/>
    <output path="smo://smo/name%3Dwsdl-primary/message%3D%257Bhttp%253A%252F%252Fstelvio-example-contexthandler-prosess%252Fno%252Fnav%252Finf%252FStartExampleProcess%257DstartExampleProcessWRResponseMsg/xpath%3D%252Fbody/smo.xsd"/>
    <mappingDeclaration name="output_map_res_1">
        <input path="body"/>
        <output path="body"/>
        <move>
            <input path="callWSChainResponse/response/response"/>
            <output path="startExampleProcessWRResponse/outputString"/>
        </move>
    </mappingDeclaration>
</mappingRoot>