<?xml version="1.0" encoding="UTF-8"?><mappingRoot domainID="com.ibm.msl.mapping.xml" targetNamespace="http://stelvio-example-contexthandler-mediationflow/xslt/XSLTransformation1_req_1" version="7.0.302" xmlns="http://www.ibm.com/2008/ccl/Mapping" xmlns:map="http://stelvio-example-contexthandler-mediationflow/xslt/XSLTransformation1_req_1">
    <input path="smo://smo/name%3Dwsdl-primary/transientContext%3D%257Bhttp%253A%252F%252Fwww.nav.no%252FStelvioContextPropagation%257DStelvioContext/message%3D%257Bhttp%253A%252F%252Fstelvio-example-contexthandler-prosess%252Fno%252Fnav%252Finf%252FStartExampleProcess%257DstartExampleProcessWRRequestMsg/xpath%3D%252F/smo.xsd"/>
    <output path="smo://smo/name%3Dwsdl-primary/transientContext%3D%257Bhttp%253A%252F%252Fwww.nav.no%252FStelvioContextPropagation%257DStelvioContext/message%3D%257Bhttp%253A%252F%252Fstelvio-example-contexthandler-provider-lib%252Fno%252Fnav%252Finf%252FContextHandlerVerifier%257DcallWSChainRequestMsg/xpath%3D%252F/smo.xsd"/>
    <mappingDeclaration name="XSLTransformation1_req_1">
        <input path="smo">
            <cast path="headers/SOAPHeader/value/type('anyType')" qualifier="{http://www.nav.no/StelvioContextPropagation}StelvioContext"/>
        </input>
        <output path="smo">
            <cast path="headers/SOAPHeader/value/type('anyType')" qualifier="{http://www.nav.no/StelvioContextPropagation}StelvioContext"/>
            <cast path="context/userContext/entries/value/type('anyType')" qualifier="{http://www.nav.no/StelvioContextPropagation}StelvioContext"/>
        </output>
        <move>
            <input path="headers/SOAPHeader/spath('value',2)"/>
            <output path="headers/SOAPHeader/spath('value',2)"/>
        </move>
        <move>
            <input path="headers/SOAPHeader/nameSpace"/>
            <output path="headers/SOAPHeader/nameSpace"/>
        </move>
        <move>
            <input path="headers/SOAPHeader/name"/>
            <output path="headers/SOAPHeader/name"/>
        </move>
        <move>
            <input path="body/startExampleProcessWR/inputString"/>
            <output path="body/callWSChain/request/request"/>
        </move>
        <move>
            <input path="headers/SOAPHeader/spath('value',2)"/>
            <output path="context/transient"/>
        </move>
    </mappingDeclaration>
</mappingRoot>