<?xml version="1.0" encoding="UTF-8"?>
<map:businessObjectMap xmlns:TestMappingBO="http://stelvio-test-mappingdatatypes/no/nav/bo" xmlns:TestMappingBOTOTestMappingInternalBO="http://stelvio-test-mappingdatatypes/no/nav/map" xmlns:map="http://www.ibm.com/xmlns/prod/websphere/wbiserver/map/6.0.0" targetNamespace="http://stelvio-test-mappingdatatypes/no/nav/map">
  <map:name>TestMappingBOTOTestMappingInternalBO</map:name>
  <map:inputBusinessObjectVariable businessObjectRef="TestMappingBO:TestMappingBO" name="TestMappingBO"/>
  <map:outputBusinessObjectVariable businessObjectRef="TestMappingBO:TestMappingInternalBO" name="TestMappingInternalBO"/>
  <map:propertyMap executionOrder="1">
    <map:move>
      <map:input businessObjectVariableRef="TestMappingBO" property="text"/>
      <map:output businessObjectVariableRef="TestMappingInternalBO" property="string"/>
    </map:move>
  </map:propertyMap>
  <map:propertyMap executionOrder="2">
    <map:move>
      <map:input businessObjectVariableRef="TestMappingBO" property="boolean"/>
      <map:output businessObjectVariableRef="TestMappingInternalBO" property="boolean"/>
    </map:move>
  </map:propertyMap>
  <map:propertyMap executionOrder="3">
    <map:move>
      <map:input businessObjectVariableRef="TestMappingBO" property="date"/>
      <map:output businessObjectVariableRef="TestMappingInternalBO" property="date"/>
    </map:move>
  </map:propertyMap>
  <map:propertyMap executionOrder="4">
    <map:move>
      <map:input businessObjectVariableRef="TestMappingBO" property="int"/>
      <map:output businessObjectVariableRef="TestMappingInternalBO" property="int"/>
    </map:move>
  </map:propertyMap>
  <map:propertyMap executionOrder="5">
    <map:move>
      <map:input businessObjectVariableRef="TestMappingBO" property="double"/>
      <map:output businessObjectVariableRef="TestMappingInternalBO" property="double"/>
    </map:move>
  </map:propertyMap>
  <map:propertyMap executionOrder="6">
    <map:submap submapName="TestMappingBOTOTestMappingInternalBO:ComplexTypeTOComplexTypeInternal">
      <map:input businessObjectVariableRef="TestMappingBO" property="complexType" variableName="complexTypeBO"/>
      <map:output businessObjectVariableRef="TestMappingInternalBO" property="complex1" variableName="ComplexTypeInternalBO"/>
    </map:submap>
  </map:propertyMap>
  <map:propertyMap executionOrder="7">
    <map:move>
      <map:input businessObjectVariableRef="TestMappingBO" property="string2"/>
      <map:output businessObjectVariableRef="TestMappingInternalBO" property="string2"/>
    </map:move>
  </map:propertyMap>
  <map:propertyMap executionOrder="8">
    <map:move>
      <map:input businessObjectVariableRef="TestMappingBO" property="byte"/>
      <map:output businessObjectVariableRef="TestMappingInternalBO" property="byte"/>
    </map:move>
  </map:propertyMap>
  <map:propertyMap executionOrder="9">
    <map:move>
      <map:input businessObjectVariableRef="TestMappingBO" property="float"/>
      <map:output businessObjectVariableRef="TestMappingInternalBO" property="float"/>
    </map:move>
  </map:propertyMap>
  <map:propertyMap executionOrder="10">
    <map:move>
      <map:input businessObjectVariableRef="TestMappingBO" property="long"/>
      <map:output businessObjectVariableRef="TestMappingInternalBO" property="long"/>
    </map:move>
  </map:propertyMap>
  <map:propertyMap executionOrder="11">
    <map:move>
      <map:input businessObjectVariableRef="TestMappingBO" property="short"/>
      <map:output businessObjectVariableRef="TestMappingInternalBO" property="short"/>
    </map:move>
  </map:propertyMap>
  <map:propertyMap executionOrder="12">
    <map:move>
      <map:input businessObjectVariableRef="TestMappingBO" property="booleanNillable"/>
      <map:output businessObjectVariableRef="TestMappingInternalBO" property="booleanNillable"/>
    </map:move>
  </map:propertyMap>
</map:businessObjectMap>