<?xml version="1.0" encoding="UTF-8"?>
<map:businessObjectMap targetNamespace="http://pensjon-tjeneste-sak/no/nav/map" xmlns:GBOBatchBrevdata_1="http://nav.no/domene/pensjon/sak/v1" xmlns:HentBatchBrevdataResponseDto="http://to.sak.pensjon.dto.nav.no" xmlns:hentBatchBrevdataResponseDto="http://ejb/sak/pensjon/provider/nav/no" xmlns:map="http://www.ibm.com/xmlns/prod/websphere/wbiserver/map/6.0.0" xmlns:xsi="http://www.w3.org/2001/XMLSchema-instance">
  <map:name>BatchBrevdataDtoTOBatchBrevdata</map:name>
  <map:inputBusinessObjectVariable businessObjectRef="hentBatchBrevdataResponseDto:batchBrevdataDto" name="batchBrevdataDto"/>
  <map:outputBusinessObjectVariable businessObjectRef="GBOBatchBrevdata_1:BatchBrevdata" name="BatchBrevdata"/>
  <map:propertyMap executionOrder="1">
    <map:move>
      <map:input businessObjectVariableRef="batchBrevdataDto" property="internBatchbrevkode"/>
      <map:output businessObjectVariableRef="BatchBrevdata" property="internBatchbrevkode"/>
    </map:move>
  </map:propertyMap>
  <map:propertyMap executionOrder="2">
    <map:move>
      <map:input businessObjectVariableRef="batchBrevdataDto" property="elektroniskDistribusjon"/>
      <map:output businessObjectVariableRef="BatchBrevdata" property="elektroniskDistribusjon"/>
    </map:move>
  </map:propertyMap>
  <map:propertyMap executionOrder="3">
    <map:move>
      <map:input businessObjectVariableRef="batchBrevdataDto" property="dokumentType"/>
      <map:output businessObjectVariableRef="BatchBrevdata" property="dokumentType"/>
    </map:move>
  </map:propertyMap>
  <map:propertyMap executionOrder="4">
    <map:move>
      <map:input businessObjectVariableRef="batchBrevdataDto" property="redigerbart"/>
      <map:output businessObjectVariableRef="BatchBrevdata" property="redigerbart"/>
    </map:move>
  </map:propertyMap>
  <map:propertyMap executionOrder="5">
    <map:move>
      <map:input businessObjectVariableRef="batchBrevdataDto" property="brevGruppe"/>
      <map:output businessObjectVariableRef="BatchBrevdata" property="brevGruppe"/>
    </map:move>
  </map:propertyMap>
  <map:propertyMap executionOrder="6">
    <map:move>
      <map:input businessObjectVariableRef="batchBrevdataDto" property="fagsystem"/>
      <map:output businessObjectVariableRef="BatchBrevdata" property="fagsystem"/>
    </map:move>
  </map:propertyMap>
  <map:propertyMap executionOrder="7">
    <map:move>
      <map:input businessObjectVariableRef="batchBrevdataDto" property="innhold"/>
      <map:output businessObjectVariableRef="BatchBrevdata" property="innhold"/>
    </map:move>
  </map:propertyMap>
  <map:propertyMap executionOrder="8">
    <map:move>
      <map:input businessObjectVariableRef="batchBrevdataDto" property="kategori"/>
      <map:output businessObjectVariableRef="BatchBrevdata" property="kategori"/>
    </map:move>
  </map:propertyMap>
  <map:propertyMap executionOrder="9">
    <map:move>
      <map:input businessObjectVariableRef="batchBrevdataDto" property="brevkode"/>
      <map:output businessObjectVariableRef="BatchBrevdata" property="brevkode"/>
    </map:move>
  </map:propertyMap>
  <map:propertyMap executionOrder="10">
    <map:move>
      <map:input businessObjectVariableRef="batchBrevdataDto" property="sensitivt"/>
      <map:output businessObjectVariableRef="BatchBrevdata" property="sensitivt"/>
    </map:move>
  </map:propertyMap>
</map:businessObjectMap>