<?xml version="1.0" encoding="UTF-8"?>
<map:businessObjectMap xmlns:HentBatchBrevdataResponse="http://nav.no/domene/pensjon/tjenester/sak/meldinger/v1" xmlns:HentBatchBrevdataResponseDtoTOHentBatchBrevdataResponse="http://pensjon-tjeneste-sak/no/nav/map" xmlns:hentBatchBrevdataResponseDto="http://ejb/sak/pensjon/provider/nav/no" xmlns:map="http://www.ibm.com/xmlns/prod/websphere/wbiserver/map/6.0.0" targetNamespace="http://pensjon-tjeneste-sak/no/nav/map">
  <map:name>HentBatchBrevdataResponseDtoTOHentBatchBrevdataResponse</map:name>
  <map:inputBusinessObjectVariable businessObjectRef="hentBatchBrevdataResponseDto:hentBatchBrevdataResponseDto" name="hentBatchBrevdataResponseDto"/>
  <map:outputBusinessObjectVariable businessObjectRef="HentBatchBrevdataResponse:HentBatchBrevdataResponse" name="HentBatchBrevdataResponse"/>
  <map:propertyMap executionOrder="1">
    <map:submap submapName="HentBatchBrevdataResponseDtoTOHentBatchBrevdataResponse:BatchBrevdataDtoTOBatchBrevdata">
      <map:input businessObjectVariableRef="hentBatchBrevdataResponseDto" property="batchBrevdata" variableName="batchBrevdataDto"/>
      <map:output businessObjectVariableRef="HentBatchBrevdataResponse" property="batchBrevdata" variableName="BatchBrevdata"/>
    </map:submap>
  </map:propertyMap>
</map:businessObjectMap>