<?xml version="1.0" encoding="UTF-8"?>
<map:businessObjectMap xmlns:GBOHentPensjonssakRequest="http://nav-lib-pen/no/nav/lib/pen/gbo" xmlns:GBOHentPensjonssakRequestTOHentSakRequestDto="http://nav-ent-pen-pensjonssak/no/nav/map" xmlns:GBOHentPensjonssakRequest_1="http://nav.no/domene/pensjon/tjenester/sak/meldinger/v1" xmlns:HentSakRequestDto="http://to.sak.pensjon.dto.nav.no" xmlns:hentSakRequestDto="http://ejb/sak/pensjon/provider/nav/no" xmlns:map="http://www.ibm.com/xmlns/prod/websphere/wbiserver/map/6.0.0" targetNamespace="http://pensjon-tjeneste-sak/no/nav/map">
  <map:name>HentSakRequestTOHentSakRequestDto</map:name>
  <map:inputBusinessObjectVariable businessObjectRef="GBOHentPensjonssakRequest_1:HentSakRequest" name="HentSakRequest"/>
  <map:outputBusinessObjectVariable businessObjectRef="hentSakRequestDto:hentSakRequestDto" name="hentSakRequestDto"/>
  <map:propertyMap executionOrder="1">
    <map:move>
      <map:input businessObjectVariableRef="HentSakRequest" property="saksId"/>
      <map:output businessObjectVariableRef="hentSakRequestDto" property="sakId"/>
    </map:move>
  </map:propertyMap>
  <map:propertyMap executionOrder="2">
    <map:move>
      <map:input businessObjectVariableRef="HentSakRequest" property="kravId"/>
      <map:output businessObjectVariableRef="hentSakRequestDto" property="kravId"/>
    </map:move>
  </map:propertyMap>
  <map:propertyMap executionOrder="3">
    <map:set value="false">
      <map:output businessObjectVariableRef="hentSakRequestDto" property="historikk"/>
    </map:set>
  </map:propertyMap>
</map:businessObjectMap>