<?xml version="1.0" encoding="UTF-8"?>
<map:businessObjectMap xmlns:GBOPensjonssakListe="http://nav-lib-pen/no/nav/lib/pen/gbo" xmlns:GBOPensjonssakListe_1="http://nav.no/domene/pensjon/tjenester/sak/meldinger/v1" xmlns:HentSakListeResponseDto="http://to.sak.pensjon.dto.nav.no" xmlns:HentSakListeResponseTOGBOPensjonssakListe="http://nav-ent-pen-pensjonssak/no/nav/map" xmlns:HentSakListeResponseTOGBOPensjonssakListe_1="http://pensjon-tjeneste-sak/no/nav/map" xmlns:hentSakListeResponseDto="http://ejb/sak/pensjon/provider/nav/no" xmlns:map="http://www.ibm.com/xmlns/prod/websphere/wbiserver/map/6.0.0" targetNamespace="http://pensjon-tjeneste-sak/no/nav/map">
  <map:name>HentSakListeResponseDtoTOHentSakListeResponse</map:name>
  <map:inputBusinessObjectVariable businessObjectRef="hentSakListeResponseDto:hentSakListeResponseDto" name="hentSakListeResponseDto"/>
  <map:outputBusinessObjectVariable businessObjectRef="GBOPensjonssakListe_1:HentSakListeResponse" name="HentSakListeResponse"/>
  <map:propertyMap executionOrder="1">
    <map:submap submapName="HentSakListeResponseTOGBOPensjonssakListe_1:SakDtoTOSak">
      <map:input businessObjectVariableRef="hentSakListeResponseDto" property="sakListe" variableName="sakDto"/>
      <map:output businessObjectVariableRef="HentSakListeResponse" property="sakListe" variableName="Sak"/>
    </map:submap>
  </map:propertyMap>
</map:businessObjectMap>