<?xml version="1.0" encoding="UTF-8"?>
<map:businessObjectMap xmlns:GBOOppdaterDodsdatoRequest="http://nav-lib-pen/no/nav/lib/pen/gbo" xmlns:GBOOppdaterDodsdatoRequestTOOppdaterDodsdatoRequestDto="http://nav-ent-pen-pensjonssak/no/nav/map" xmlns:GBOOppdaterDodsdatoRequest_1="http://nav.no/domene/pensjon/tjenester/sak/meldinger/v1" xmlns:OppdaterDodsdatoRequestDto="http://to.penperson.pensjon.dto.nav.no" xmlns:map="http://www.ibm.com/xmlns/prod/websphere/wbiserver/map/6.0.0" xmlns:oppdaterDodsdatoRequestDto="http://ejb/penperson/pensjon/provider/nav/no" targetNamespace="http://pensjon-tjeneste-sak/no/nav/map">
  <map:name>OppdaterDodsdatoRequestTOOppdaterDodsdatoRequestDto</map:name>
  <map:inputBusinessObjectVariable businessObjectRef="GBOOppdaterDodsdatoRequest_1:OppdaterDodsdatoRequest" name="OppdaterDodsdatoRequest"/>
  <map:outputBusinessObjectVariable businessObjectRef="oppdaterDodsdatoRequestDto:oppdaterDodsdatoRequestDto" name="oppdaterDodsdatoRequestDto"/>
  <map:propertyMap executionOrder="1">
    <map:move>
      <map:input businessObjectVariableRef="OppdaterDodsdatoRequest" property="fnr"/>
      <map:output businessObjectVariableRef="oppdaterDodsdatoRequestDto" property="personOppdatert/oppdatertPerson/fnr/pid"/>
    </map:move>
  </map:propertyMap>
  <map:propertyMap executionOrder="2">
    <map:move>
      <map:input businessObjectVariableRef="OppdaterDodsdatoRequest" property="dodsdato"/>
      <map:output businessObjectVariableRef="oppdaterDodsdatoRequestDto" property="personOppdatert/oppdatertPerson/dodsdato"/>
    </map:move>
  </map:propertyMap>
</map:businessObjectMap>