<?xml version="1.0" encoding="UTF-8"?>
<map:businessObjectMap targetNamespace="http://pensjon-tjeneste-sak/no/nav/map" xmlns:GBOTilgang_1="http://nav.no/domene/pensjon/sak/v1" xmlns:TilgangDto="http://sak.kjerne.pensjon.dto.nav.no" xmlns:map="http://www.ibm.com/xmlns/prod/websphere/wbiserver/map/6.0.0" xmlns:tilgangDto="http://ejb/sak/pensjon/provider/nav/no" xmlns:xsi="http://www.w3.org/2001/XMLSchema-instance">
  <map:name>TilgangDtoTOTilgang</map:name>
  <map:inputBusinessObjectVariable businessObjectRef="tilgangDto:tilgangDto" name="tilgangDto"/>
  <map:outputBusinessObjectVariable businessObjectRef="GBOTilgang_1:Tilgang" name="Tilgang"/>
  <map:propertyMap executionOrder="1">
    <map:custom>
      <map:input businessObjectVariableRef="tilgangDto" property="tilgangId"/>
      <map:output businessObjectVariableRef="Tilgang" property="tilgangId"/>
      <map:javaCode>// The specific type of variable tilgangDto_tilgangId is java.lang.Long&#xD;
// The specific type of variable Tilgang_tilgangId is java.lang.String&#xD;
Tilgang_tilgangId = tilgangDto_tilgangId.toString();</map:javaCode>
    </map:custom>
  </map:propertyMap>
  <map:propertyMap executionOrder="2">
    <map:move>
      <map:input businessObjectVariableRef="tilgangDto" property="tilgangType/code"/>
      <map:output businessObjectVariableRef="Tilgang" property="tilgangTypeKode"/>
    </map:move>
  </map:propertyMap>
  <map:propertyMap executionOrder="3">
    <map:move>
      <map:input businessObjectVariableRef="tilgangDto" property="tilgangArsak/code"/>
      <map:output businessObjectVariableRef="Tilgang" property="tilgangArsakKode"/>
    </map:move>
  </map:propertyMap>
  <map:propertyMap executionOrder="4">
    <map:move>
      <map:input businessObjectVariableRef="tilgangDto" property="gyldigFomDato"/>
      <map:output businessObjectVariableRef="Tilgang" property="gyldigFomDato"/>
    </map:move>
  </map:propertyMap>
  <map:propertyMap executionOrder="5">
    <map:move>
      <map:input businessObjectVariableRef="tilgangDto" property="gyldigTomDato"/>
      <map:output businessObjectVariableRef="Tilgang" property="gyldigTomDato"/>
    </map:move>
  </map:propertyMap>
  <map:propertyMap executionOrder="6">
    <map:move>
      <map:input businessObjectVariableRef="tilgangDto" property="tilgangGittTil/enhetId"/>
      <map:output businessObjectVariableRef="Tilgang" property="enhetId"/>
    </map:move>
  </map:propertyMap>
</map:businessObjectMap>