<?xml version="1.0" encoding="UTF-8"?><mappingRoot domainID="com.ibm.msl.mapping.xml" targetNamespace="http://www.stelvio.no/example/order/V1/CreateOrderStubTransform" version="7.0.101" xmlns="http://www.ibm.com/2008/ccl/Mapping" xmlns:map="http://www.stelvio.no/example/order/V1/CreateOrderStubTransform" xmlns:map0="http://www.stelvio.no/example/order/V1/OrderStubTransform">
    <input path="smo://smo/name%3Dwsdl-primary/message%3D%257Bhttp%253A%252F%252Fwww.stelvio.no%252Fexample%252Forder%252FV1%252FOrderCommand%257DcreateOrderRequestMsg/xpath%3D%252Fbody/smo.xsd"/>
    <output path="smo://smo/name%3Dwsdl-primary/message%3D%257Bhttp%253A%252F%252Fwww.stelvio.no%252Fexample%252Forder%252FV1%252FOrderCommand%257DcreateOrderResponseMsg/xpath%3D%252Fbody/smo.xsd"/>
    <imports>
        <import kind="map" location="OrderStubTransform.map" namespace="http://www.stelvio.no/example/order/V1/OrderStubTransform"/>
    </imports>
    <mappingDeclaration name="CreateOrderStubTransform">
        <input path="body"/>
        <output path="body"/>
        <submap ref="map0:OrderStubTransform">
            <input path="createOrder"/>
            <output path="createOrderResponse/order"/>
        </submap>
    </mappingDeclaration>
</mappingRoot>