<?xml version="1.0" encoding="UTF-8"?><mappingRoot domainID="com.ibm.msl.mapping.xml" targetNamespace="http://www.stelvio.no/example/order/V1/OrderStubTransform" version="7.0.101" xmlns="http://www.ibm.com/2008/ccl/Mapping" xmlns:map="http://www.stelvio.no/example/order/V1/OrderStubTransform">
    <input path="http://www.w3.org/2001/XMLSchema"/>
    <output path="../../../../../../stelvio-example-order-lib/no/stelvio/example/order/V1/Order.xsd"/>
    <mappingDeclaration name="OrderStubTransform">
        <input path="type('anyType')"/>
        <output path="type('Order')"/>
        <assign value="orderId">
            <output path="id"/>
        </assign>
        <assign value="customerId">
            <output path="customerId"/>
        </assign>
        <assign value="orderLineItemId">
            <output path="orderLineItem/id"/>
        </assign>
        <assign value="productId">
            <output path="orderLineItem/productId"/>
        </assign>
        <assign value="10">
            <output path="orderLineItem/quantity"/>
        </assign>
        <assign value="1.1">
            <output path="orderLineItem/additionalInfo/discount/@sinceVersion"/>
        </assign>
        <assign value="0.30">
            <output path="orderLineItem/additionalInfo/discount/text()"/>
        </assign>
    </mappingDeclaration>
</mappingRoot>