<?xml version="1.0" encoding="UTF-8"?><mappingRoot domainID="com.ibm.msl.mapping.xml" targetNamespace="http://www.stelvio.no/example/order/V1/OrderQueryStubTransform" version="7.0.101" xmlns="http://www.ibm.com/2008/ccl/Mapping" xmlns:map="http://www.stelvio.no/example/order/V1/OrderQueryStubTransform">
    <input path="smo://smo/name%3Dwsdl-primary/message%3D%257Bhttp%253A%252F%252Fwww.stelvio.no%252Fexample%252Forder%252FV1%252FOrderQuery%257DgetOrderRequestMsg/xpath%3D%252Fbody/smo.xsd"/>
    <output path="smo://smo/name%3Dwsdl-primary/message%3D%257Bhttp%253A%252F%252Fwww.stelvio.no%252Fexample%252Forder%252FV1%252FOrderQuery%257DgetOrderResponseMsg/xpath%3D%252Fbody/smo.xsd"/>
    <mappingDeclaration name="OrderQueryStubTransform">
        <input path="body"/>
        <output path="body"/>
        <move>
            <input path="getOrder/orderId"/>
            <output path="getOrderResponse/order/id"/>
        </move>
        <assign value="customerId">
            <output path="getOrderResponse/order/customerId"/>
        </assign>
        <assign value="orderLineItemId">
            <output path="getOrderResponse/order/orderLineItem/id"/>
        </assign>
        <assign value="productId">
            <output path="getOrderResponse/order/orderLineItem/productId"/>
        </assign>
        <assign value="10">
            <output path="getOrderResponse/order/orderLineItem/quantity"/>
        </assign>
        <assign value="0.30">
            <output path="getOrderResponse/order/orderLineItem/additionalInfo/discount/text()"/>
        </assign>
        <assign value="1.1">
            <output path="getOrderResponse/order/orderLineItem/additionalInfo/discount/@sinceVersion"/>
        </assign>
    </mappingDeclaration>
</mappingRoot>