<?xml version="1.0" encoding="UTF-8"?>
<map:businessObjectMap xmlns:GBOPersonOppdatert="http://nav-lib-frg/no/nav/lib/frg/gbo" xmlns:gboPersonOppdatertTOpoppPersonOppdatert="http://nav-ent-frg-personhendelse/no/nav/map" xmlns:map="http://www.ibm.com/xmlns/prod/websphere/wbiserver/map/6.0.0" xmlns:poppPersonOppdatert="http://nav-lib-pen-popp/no/nav/lib/pen/popp/asbo" targetNamespace="http://nav-ent-frg-personhendelse/no/nav/map">
  <map:name>gboPersonOppdatertTOpoppPersonOppdatert</map:name>
  <map:inputBusinessObjectVariable businessObjectRef="GBOPersonOppdatert:GBOPersonOppdatert" name="GBOPersonOppdatert"/>
  <map:outputBusinessObjectVariable businessObjectRef="poppPersonOppdatert:poppPersonOppdatert" name="poppPersonOppdatert"/>
  <map:propertyMap executionOrder="1">
    <map:move>
      <map:input businessObjectVariableRef="GBOPersonOppdatert" property="meldingsKode"/>
      <map:output businessObjectVariableRef="poppPersonOppdatert" property="meldingsKode"/>
    </map:move>
  </map:propertyMap>
  <map:propertyMap executionOrder="2">
    <map:submap submapName="gboPersonOppdatertTOpoppPersonOppdatert:GBOPersonTOpoppPerson">
      <map:input businessObjectVariableRef="GBOPersonOppdatert" property="nyePersondata" variableName="GBOPerson"/>
      <map:output businessObjectVariableRef="poppPersonOppdatert" property="nyePersondata" variableName="poppPerson"/>
    </map:submap>
  </map:propertyMap>
  <map:propertyMap executionOrder="3">
    <map:submap submapName="gboPersonOppdatertTOpoppPersonOppdatert:GBOPersonTOpoppPerson">
      <map:input businessObjectVariableRef="GBOPersonOppdatert" property="gamlePersondata" variableName="GBOPerson"/>
      <map:output businessObjectVariableRef="poppPersonOppdatert" property="gamlePersondata" variableName="poppPerson"/>
    </map:submap>
  </map:propertyMap>
</map:businessObjectMap>