<?xml version="1.0" encoding="UTF-8"?>
<map:businessObjectMap xmlns:GBOPersonOppdatert="http://nav-lib-frg/no/nav/lib/frg/gbo" xmlns:GBOPersonOppdatertTOmedlPersonOppdatert="http://nav-ent-frg-personhendelse/no/nav/map" xmlns:map="http://www.ibm.com/xmlns/prod/websphere/wbiserver/map/6.0.0" xmlns:medlPersonOppdatert="http://nav-lib-frg-medl/no/nav/lib/frg/medl/asbo" targetNamespace="http://nav-ent-frg-personhendelse/no/nav/map">
  <map:name>GBOPersonOppdatertTOmedlPersonOppdatert</map:name>
  <map:inputBusinessObjectVariable businessObjectRef="GBOPersonOppdatert:GBOPersonOppdatert" name="GBOPersonOppdatert"/>
  <map:outputBusinessObjectVariable businessObjectRef="medlPersonOppdatert:medlPersonOppdatert" name="medlPersonOppdatert"/>
  <map:propertyMap executionOrder="1">
    <map:move>
      <map:input businessObjectVariableRef="GBOPersonOppdatert" property="meldingsKode"/>
      <map:output businessObjectVariableRef="medlPersonOppdatert" property="meldingsKode"/>
    </map:move>
  </map:propertyMap>
  <map:propertyMap executionOrder="2">
    <map:submap submapName="GBOPersonOppdatertTOmedlPersonOppdatert:GBOPersonTOmedlPerson">
      <map:input businessObjectVariableRef="GBOPersonOppdatert" property="nyePersondata" variableName="GBOPerson"/>
      <map:output businessObjectVariableRef="medlPersonOppdatert" property="nyePersondata" variableName="medlPerson"/>
    </map:submap>
  </map:propertyMap>
  <map:propertyMap executionOrder="3">
    <map:submap submapName="GBOPersonOppdatertTOmedlPersonOppdatert:GBOPersonTOmedlPerson">
      <map:input businessObjectVariableRef="GBOPersonOppdatert" property="gamlePersondata" variableName="GBOPerson"/>
      <map:output businessObjectVariableRef="medlPersonOppdatert" property="gamlePersondata" variableName="medlPerson"/>
    </map:submap>
  </map:propertyMap>
</map:businessObjectMap>