<?xml version="1.0" encoding="UTF-8"?><mappingRoot domainID="com.ibm.msl.mapping.xml" targetNamespace="http://nav-tjeneste-person/no/nav/xslt/ForMangeEpsFnr" version="7.0.300" xmlns="http://www.ibm.com/2008/ccl/Mapping" xmlns:map="http://nav-tjeneste-person/no/nav/xslt/ForMangeEpsFnr">
    <input path="smo://smo/name%3Dwsdl-primary/transientContext%3D%257Bhttp%253A%252F%252Fnav-tjeneste-person%252Fno%252Fnav%252Fbo%257DlocalVariables/message%3D%257Bhttp%253A%252F%252Fnav.no%252Fvirksomhet%252Ftjenester%252Ffamilieforhold%252Fv1%257DhentFamilierelasjonerResponse/xpath%3D%252F/smo.xsd"/>
    <output path="smo://smo/name%3Dwsdl-primary/transientContext%3D%257Bhttp%253A%252F%252Fnav-tjeneste-person%252Fno%252Fnav%252Fbo%257DlocalVariables/message%3D%257Bhttp%253A%252F%252Fnav.no%252Fvirksomhet%252Ftjenester%252Fperson%252Fv1%257DregistrereAdresseForDodsbo_kunneIkkeRegistrereAdresseForDodsbo/xpath%3D%252F/smo.xsd"/>
    <mappingDeclaration name="ForMangeEpsFnr">
        <input path="smo"/>
        <output path="smo"/>
        <move>
            <input path="context/transient/brukerFnr" var="brukerFnr"/>
            <output path="body/registrereAdresseForDodsbokunneIkkeRegistrereAdresseForDodsbo/rootCause"/>
        </move>
        <assign value="KunneIkkeRegistrereAdresseForDodsbo - Flere pårørende Funnet">
            <output path="body/registrereAdresseForDodsbokunneIkkeRegistrereAdresseForDodsbo/errorMessage"/>
        </assign>
        <assign value="nav-tjeneste-person_RegistrereAdresseForDodsbo_A2">
            <output path="body/registrereAdresseForDodsbokunneIkkeRegistrereAdresseForDodsbo/errorSource"/>
        </assign>
    </mappingDeclaration>
</mappingRoot>