<?xml version="1.0" encoding="UTF-8"?><mappingRoot domainID="com.ibm.msl.mapping.xml" targetNamespace="http://nav-tjeneste-person/xslt/KunneIkkeEndreAdresse2_req_1" version="7.0.300" xmlns="http://www.ibm.com/2008/ccl/Mapping" xmlns:map="http://nav-tjeneste-person/xslt/KunneIkkeEndreAdresse2_req_1">
    <input path="smo://smo/name%3Dwsdl-primary/transientContext%3D%257Bhttp%253A%252F%252Fnav-tjeneste-person%252Fno%252Fnav%252Fbo%257DlocalVariables/message%3D%257Bhttp%253A%252F%252Fnav-lib-frg-sfe%252Fno%252Fnav%252Flib%252Ffrg%252Finf%257DendreAdresseRequestMsg/xpath%3D%252Fbody/smo.xsd"/>
    <output path="smo://smo/name%3Dwsdl-primary/transientContext%3D%257Bhttp%253A%252F%252Fnav-tjeneste-person%252Fno%252Fnav%252Fbo%257DlocalVariables/message%3D%257Bhttp%253A%252F%252Fnav.no%252Fvirksomhet%252Ftjenester%252Fperson%252Fv1%257DregistrereAdresseForDodsbo_kunneIkkeRegistrereAdresseForDodsbo/xpath%3D%252Fbody/smo.xsd"/>
    <namespaces>
        <namespace kind="extension" prefix="date" uri="http://exslt.org/dates-and-times"/>
    </namespaces>
    <mappingDeclaration name="KunneIkkeEndreAdresse2_req_1">
        <input path="body"/>
        <output path="body"/>
        <assign value="Producer Business Exception">
            <output path="registrereAdresseForDodsbokunneIkkeRegistrereAdresseForDodsbo/errorMessage"/>
        </assign>
        <assign value="nav-tjeneste-person">
            <output path="registrereAdresseForDodsbokunneIkkeRegistrereAdresseForDodsbo/errorSource"/>
        </assign>
        <assign value="SBE">
            <output path="registrereAdresseForDodsbokunneIkkeRegistrereAdresseForDodsbo/errorType"/>
        </assign>
        <assign value="Message: NOE GIKK GALT I TJENESTEKALLET">
            <output path="registrereAdresseForDodsbokunneIkkeRegistrereAdresseForDodsbo/rootCause"/>
        </assign>
        <function ref="date:time">
            <output path="registrereAdresseForDodsbokunneIkkeRegistrereAdresseForDodsbo/dateTimeStamp"/>
        </function>
    </mappingDeclaration>
</mappingRoot>