<?xml version="1.0" encoding="UTF-8"?><mappingRoot domainID="com.ibm.msl.mapping.xml" targetNamespace="http://www.stelvio.no/example/person/xslt/FindPersonStub" version="7.0.101" xmlns="http://www.ibm.com/2008/ccl/Mapping" xmlns:map="http://www.stelvio.no/example/person/xslt/FindPersonStub">
    <input path="smo://smo/name%3Dwsdl-primary/message%3D%257Bhttp%253A%252F%252Fwww.stelvio.no%252Fexample%252Fperson%252Fprovider%252FV1%252FPersonService%257DfindPersonRequestMsg/xpath%3D%252Fbody/smo.xsd"/>
    <output path="smo://smo/name%3Dwsdl-primary/message%3D%257Bhttp%253A%252F%252Fwww.stelvio.no%252Fexample%252Fperson%252Fprovider%252FV1%252FPersonService%257DfindPersonResponseMsg/xpath%3D%252Fbody/smo.xsd"/>
    <mappingDeclaration name="FindPersonStub">
        <input path="body"/>
        <output path="body"/>
        <local>
            <output path="findPersonResponse/findPersonResponse/person[1]"/>
            <assign value="1">
                <output path="id"/>
            </assign>
            <assign value="Ola">
                <output path="name/firstName"/>
            </assign>
            <assign value="Nordmann">
                <output path="name/lastName"/>
            </assign>
        </local>
        <assign value="2">
            <output path="findPersonResponse/findPersonResponse/totalHits"/>
        </assign>
        <local>
            <output path="findPersonResponse/findPersonResponse/person[2]"/>
            <assign value="2">
                <output path="id"/>
            </assign>
            <assign value="Kari">
                <output path="name/firstName"/>
            </assign>
            <assign value="Nordmann">
                <output path="name/lastName"/>
            </assign>
        </local>
    </mappingDeclaration>
</mappingRoot>