<?xml version="1.0" encoding="UTF-8"?><mappingRoot domainID="com.ibm.msl.mapping.xml" targetNamespace="http://www.stelvio.no/example/person/xslt/PersonServiceStubImpl" version="7.0.101" xmlns="http://www.ibm.com/2008/ccl/Mapping" xmlns:map="http://www.stelvio.no/example/person/xslt/PersonServiceStubImpl">
    <input path="smo://smo/name%3Dwsdl-primary/message%3D%257Bhttp%253A%252F%252Fwww.stelvio.no%252Fexample%252Fperson%252Fprovider%252FV1%252FPersonService%257DgetPersonRequestMsg/xpath%3D%252Fbody/smo.xsd"/>
    <output path="smo://smo/name%3Dwsdl-primary/message%3D%257Bhttp%253A%252F%252Fwww.stelvio.no%252Fexample%252Fperson%252Fprovider%252FV1%252FPersonService%257DgetPersonResponseMsg/xpath%3D%252Fbody/smo.xsd"/>
    <imports>
        <import kind="xml" location="PersonServiceStubImpl.xml"/>
    </imports>
    <mappingDeclaration name="GetPersonStub">
        <input path="body"/>
        <output path="body"/>
        <move>
            <input path="getPerson/getPersonRequest/id"/>
            <output path="getPersonResponse/getPersonResponse/person/id"/>
        </move>
        <local>
            <output path="getPersonResponse/getPersonResponse/person/name"/>
            <assign value="Ola">
                <output path="firstName"/>
            </assign>
            <assign value="Nordmann">
                <output path="lastName"/>
            </assign>
        </local>
    </mappingDeclaration>
</mappingRoot>