<?xml version="1.0" encoding="UTF-8"?><mappingRoot domainID="com.ibm.msl.mapping.xml" targetNamespace="http://stelvio-example-contexthandler-java/xslt/XSLTransformation1_req_1" version="7.0.302" xmlns="http://www.ibm.com/2008/ccl/Mapping" xmlns:map="http://stelvio-example-contexthandler-java/xslt/XSLTransformation1_req_1">
    <input path="smo://smo/name%3Dwsdl-primary/message%3D%257Bhttp%253A%252F%252Fstelvio-example-contexthandler-prosess%252Fno%252Fnav%252Finf%252FStartExampleProcess%257DstartExampleProcessWRRequestMsg/xpath%3D%252F/smo.xsd" var="in"/>
    <input path="../../stelvio-commons-lib/no/stelvio/common/context/StelvioContext.xsd" var="in1"/>
    <output path="smo://smo/name%3Dwsdl-primary/message%3D%257Bhttp%253A%252F%252Fstelvio-example-contexthandler-prosess%252Fno%252Fnav%252Finf%252FStartExampleProcess%257DstartExampleProcessWRRequestMsg/xpath%3D%252F/smo.xsd"/>
    <mappingDeclaration name="XSLTransformation1_req_1">
        <input path="$in/smo">
            <cast path="headers/SOAPHeader/value/type('anyType')" qualifier="{http://www.nav.no/StelvioContextPropagation}StelvioContext"/>
        </input>
        <output path="smo">
            <cast path="context/userContext/entries/value/type('anyType')" qualifier="{http://www.nav.no/StelvioContextPropagation}StelvioContext"/>
        </output>
        <move>
            <input path="headers/SOAPHeader/spath('value',2)"/>
            <output path="context/userContext/entries/spath('value',2)"/>
        </move>
        <move>
            <input path="body/startExampleProcessWR/inputString"/>
            <output path="body/startExampleProcessWR/inputString"/>
        </move>
    </mappingDeclaration>
</mappingRoot>